2026-06-24 07:35:34.174 - [32minfo[39m: [NestFactory] 	[32mStarting Nest application...[39m
2026-06-24 07:35:34.207 - [32minfo[39m: [InstanceLoader] 	[32mConfigHostModule dependencies initialized[39m
2026-06-24 07:35:34.220 - [32minfo[39m: [InstanceLoader] 	[32mConfigModule dependencies initialized[39m
2026-06-24 07:35:34.220 - [32minfo[39m: [InstanceLoader] 	[32mAppModule dependencies initialized[39m
2026-06-24 07:35:34.221 - [32minfo[39m: [InstanceLoader] 	[32mMediaModule dependencies initialized[39m
2026-06-24 07:35:34.246 - [32minfo[39m: [RoutesResolver] 	[32mMediaController {/media}:[39m
2026-06-24 07:35:34.248 - [32minfo[39m: [RouterExplorer] 	[32mMapped {/media/presigned-read, POST} route[39m
2026-06-24 07:35:34.248 - [32minfo[39m: [RouterExplorer] 	[32mMapped {/media/characters/:id/avatar, POST} route[39m
2026-06-24 07:35:34.249 - [32minfo[39m: [RouterExplorer] 	[32mMapped {/media/characters/:id/avatar, DELETE} route[39m
2026-06-24 07:35:34.249 - [32minfo[39m: [RouterExplorer] 	[32mMapped {/media/users/me/avatar, POST} route[39m
2026-06-24 07:35:34.249 - [32minfo[39m: [RouterExplorer] 	[32mMapped {/media/users/me/avatar, DELETE} route[39m
2026-06-24 07:35:34.415 - [32minfo[39m: [MinioService] 	[32mMinIO bucket "chariot-media" created[39m
2026-06-24 07:45:29.324 - [32minfo[39m: [NestFactory] 	[32mStarting Nest application...[39m
2026-06-24 07:45:29.343 - [32minfo[39m: [InstanceLoader] 	[32mConfigHostModule dependencies initialized[39m
2026-06-24 07:45:29.353 - [32minfo[39m: [InstanceLoader] 	[32mConfigModule dependencies initialized[39m
2026-06-24 07:45:29.354 - [32minfo[39m: [InstanceLoader] 	[32mAppModule dependencies initialized[39m
2026-06-24 07:45:29.355 - [32minfo[39m: [InstanceLoader] 	[32mMediaModule dependencies initialized[39m
2026-06-24 07:45:29.374 - [32minfo[39m: [RoutesResolver] 	[32mMediaController {/media}:[39m
2026-06-24 07:45:29.377 - [32minfo[39m: [RouterExplorer] 	[32mMapped {/media/presigned-read, POST} route[39m
2026-06-24 07:45:29.377 - [32minfo[39m: [RouterExplorer] 	[32mMapped {/media/characters/:id/avatar, POST} route[39m
2026-06-24 07:45:29.377 - [32minfo[39m: [RouterExplorer] 	[32mMapped {/media/characters/:id/avatar, DELETE} route[39m
2026-06-24 07:45:29.378 - [32minfo[39m: [RouterExplorer] 	[32mMapped {/media/users/me/avatar, POST} route[39m
2026-06-24 07:45:29.378 - [32minfo[39m: [RouterExplorer] 	[32mMapped {/media/users/me/avatar, DELETE} route[39m
2026-06-24 07:45:29.415 - [32minfo[39m: [MinioService] 	[32mMinIO bucket "chariot-media" is ready[39m
2026-06-24 07:45:29.417 - [32minfo[39m: [NestApplication] 	[32mNest application successfully started[39m
2026-06-24 07:45:29.418 - [32minfo[39m: [undefined] 	[32mChariot Media API running on port 9005[39m
2026-06-24 07:47:53.385 - [31merror[39m: [KeycloakAuthGuard] 	[31mToken validation failed: Not Found[39m
2026-06-24 07:47:53.435 - [31merror[39m: [KeycloakAuthGuard] 	[31mToken validation failed: Not Found[39m
2026-06-24 07:48:26.197 - [32minfo[39m: [NestFactory] 	[32mStarting Nest application...[39m
2026-06-24 07:48:26.234 - [32minfo[39m: [InstanceLoader] 	[32mConfigHostModule dependencies initialized[39m
2026-06-24 07:48:26.241 - [32minfo[39m: [InstanceLoader] 	[32mConfigModule dependencies initialized[39m
2026-06-24 07:48:26.241 - [32minfo[39m: [InstanceLoader] 	[32mAppModule dependencies initialized[39m
2026-06-24 07:48:26.242 - [32minfo[39m: [InstanceLoader] 	[32mMediaModule dependencies initialized[39m
2026-06-24 07:48:26.259 - [32minfo[39m: [RoutesResolver] 	[32mMediaController {/media}:[39m
2026-06-24 07:48:26.262 - [32minfo[39m: [RouterExplorer] 	[32mMapped {/media/presigned-read, POST} route[39m
2026-06-24 07:48:26.262 - [32minfo[39m: [RouterExplorer] 	[32mMapped {/media/characters/:id/avatar, POST} route[39m
2026-06-24 07:48:26.262 - [32minfo[39m: [RouterExplorer] 	[32mMapped {/media/characters/:id/avatar, DELETE} route[39m
2026-06-24 07:48:26.263 - [32minfo[39m: [RouterExplorer] 	[32mMapped {/media/users/me/avatar, POST} route[39m
2026-06-24 07:48:26.263 - [32minfo[39m: [RouterExplorer] 	[32mMapped {/media/users/me/avatar, DELETE} route[39m
2026-06-24 07:48:26.298 - [32minfo[39m: [MinioService] 	[32mMinIO bucket "chariot-media" is ready[39m
2026-06-24 07:48:26.300 - [32minfo[39m: [NestApplication] 	[32mNest application successfully started[39m
2026-06-24 07:48:26.301 - [32minfo[39m: [undefined] 	[32mChariot Media API running on port 9005[39m
2026-06-24 07:50:07.560 - [31merror[39m: [KeycloakAuthGuard] 	[31mToken validation failed: Not Found[39m
2026-06-24 07:50:07.630 - [31merror[39m: [KeycloakAuthGuard] 	[31mToken validation failed: Not Found[39m
2026-06-24 07:50:24.315 - [31merror[39m: [KeycloakAuthGuard] 	[31mToken validation failed: Not Found[39m
2026-06-24 07:50:24.357 - [31merror[39m: [KeycloakAuthGuard] 	[31mToken validation failed: Not Found[39m
2026-06-24 07:50:58.323 - [31merror[39m: [KeycloakAuthGuard] 	[31mToken validation failed: Not Found[39m
2026-06-24 07:50:58.367 - [31merror[39m: [KeycloakAuthGuard] 	[31mToken validation failed: Not Found[39m
2026-06-24 07:55:18.174 - [32minfo[39m: [NestFactory] 	[32mStarting Nest application...[39m
2026-06-24 07:55:18.195 - [32minfo[39m: [InstanceLoader] 	[32mConfigHostModule dependencies initialized[39m
2026-06-24 07:55:18.203 - [32minfo[39m: [InstanceLoader] 	[32mConfigModule dependencies initialized[39m
2026-06-24 07:55:18.204 - [32minfo[39m: [InstanceLoader] 	[32mAppModule dependencies initialized[39m
2026-06-24 07:55:18.204 - [32minfo[39m: [InstanceLoader] 	[32mMediaModule dependencies initialized[39m
2026-06-24 07:55:18.223 - [32minfo[39m: [RoutesResolver] 	[32mMediaController {/media}:[39m
2026-06-24 07:55:18.225 - [32minfo[39m: [RouterExplorer] 	[32mMapped {/media/presigned-read, POST} route[39m
2026-06-24 07:55:18.226 - [32minfo[39m: [RouterExplorer] 	[32mMapped {/media/characters/:id/avatar, POST} route[39m
2026-06-24 07:55:18.226 - [32minfo[39m: [RouterExplorer] 	[32mMapped {/media/characters/:id/avatar, DELETE} route[39m
2026-06-24 07:55:18.229 - [32minfo[39m: [RouterExplorer] 	[32mMapped {/media/users/me/avatar, POST} route[39m
2026-06-24 07:55:18.230 - [32minfo[39m: [RouterExplorer] 	[32mMapped {/media/users/me/avatar, DELETE} route[39m
2026-06-24 07:55:18.291 - [32minfo[39m: [MinioService] 	[32mMinIO bucket "chariot-media" is ready[39m
2026-06-24 07:55:18.293 - [32minfo[39m: [NestApplication] 	[32mNest application successfully started[39m
2026-06-24 07:55:18.296 - [32minfo[39m: [undefined] 	[32mChariot Media API running on port 9005[39m
