2026-04-11 13:04:20.191 - [32minfo[39m: [NestFactory] 	[32mStarting Nest application...[39m
2026-04-11 13:04:20.202 - [32minfo[39m: [InstanceLoader] 	[32mPrismaModule dependencies initialized[39m
2026-04-11 13:04:20.202 - [32minfo[39m: [InstanceLoader] 	[32mConfigHostModule dependencies initialized[39m
2026-04-11 13:04:20.203 - [32minfo[39m: [InstanceLoader] 	[32mPrometheusModule dependencies initialized[39m
2026-04-11 13:04:20.203 - [32minfo[39m: [InstanceLoader] 	[32mPrometheusModule dependencies initialized[39m
2026-04-11 13:04:20.203 - [32minfo[39m: [InstanceLoader] 	[32mConfigModule dependencies initialized[39m
2026-04-11 13:04:20.203 - [32minfo[39m: [InstanceLoader] 	[32mConfigModule dependencies initialized[39m
2026-04-11 13:04:20.204 - [32minfo[39m: [InstanceLoader] 	[32mRedisModule dependencies initialized[39m
2026-04-11 13:04:20.204 - [32minfo[39m: [InstanceLoader] 	[32mMetricsModule dependencies initialized[39m
2026-04-11 13:04:20.205 - [32minfo[39m: [InstanceLoader] 	[32mAppModule dependencies initialized[39m
2026-04-11 13:04:20.205 - [32minfo[39m: [InstanceLoader] 	[32mSessionModule dependencies initialized[39m
2026-04-11 13:04:20.228 - [32minfo[39m: [WebSocketsController] 	[32mSessionGateway subscribed to the "session:create" message[39m
2026-04-11 13:04:20.228 - [32minfo[39m: [WebSocketsController] 	[32mSessionGateway subscribed to the "session:join" message[39m
2026-04-11 13:04:20.228 - [32minfo[39m: [WebSocketsController] 	[32mSessionGateway subscribed to the "session:leave" message[39m
2026-04-11 13:04:20.228 - [32minfo[39m: [WebSocketsController] 	[32mSessionGateway subscribed to the "session:launch" message[39m
2026-04-11 13:04:20.228 - [32minfo[39m: [WebSocketsController] 	[32mSessionGateway subscribed to the "session:close" message[39m
2026-04-11 13:04:20.229 - [32minfo[39m: [RoutesResolver] 	[32mAppController {/}:[39m
2026-04-11 13:04:20.231 - [32minfo[39m: [RouterExplorer] 	[32mMapped {/, GET} route[39m
2026-04-11 13:04:20.231 - [32minfo[39m: [RoutesResolver] 	[32mSessionController {/sessions}:[39m
2026-04-11 13:04:20.231 - [32minfo[39m: [RouterExplorer] 	[32mMapped {/sessions, POST} route[39m
2026-04-11 13:04:20.231 - [32minfo[39m: [RouterExplorer] 	[32mMapped {/sessions, GET} route[39m
2026-04-11 13:04:20.232 - [32minfo[39m: [RouterExplorer] 	[32mMapped {/sessions/:id, GET} route[39m
2026-04-11 13:04:20.232 - [32minfo[39m: [RouterExplorer] 	[32mMapped {/sessions/:id/launch, POST} route[39m
2026-04-11 13:04:20.232 - [32minfo[39m: [RouterExplorer] 	[32mMapped {/sessions/:id/join, POST} route[39m
2026-04-11 13:04:20.232 - [32minfo[39m: [RouterExplorer] 	[32mMapped {/sessions/:id/leave, POST} route[39m
2026-04-11 13:04:20.232 - [32minfo[39m: [RouterExplorer] 	[32mMapped {/sessions/:id, DELETE} route[39m
2026-04-11 13:04:20.233 - [32minfo[39m: [RoutesResolver] 	[32mMetricsController {/}:[39m
2026-04-11 13:04:20.233 - [32minfo[39m: [RouterExplorer] 	[32mMapped {/metrics, GET} route[39m
2026-04-11 13:04:20.233 - [32minfo[39m: [RoutesResolver] 	[32mPrometheusController {/metrics}:[39m
2026-04-11 13:04:20.233 - [32minfo[39m: [RouterExplorer] 	[32mMapped {/metrics, GET} route[39m
2026-04-11 13:04:20.233 - [32minfo[39m: [RoutesResolver] 	[32mPrometheusController {/metrics}:[39m
2026-04-11 13:04:20.234 - [32minfo[39m: [RouterExplorer] 	[32mMapped {/metrics, GET} route[39m
2026-04-11 13:04:20.312 - [32minfo[39m: [NestApplication] 	[32mNest application successfully started[39m
2026-04-11 13:04:20.314 - [32minfo[39m: [undefined] 	[32mChariot Session API running on port 9002[39m
2026-04-11 13:04:54.030 - [32minfo[39m: [NestFactory] 	[32mStarting Nest application...[39m
2026-04-11 13:04:54.041 - [32minfo[39m: [InstanceLoader] 	[32mPrismaModule dependencies initialized[39m
2026-04-11 13:04:54.041 - [32minfo[39m: [InstanceLoader] 	[32mConfigHostModule dependencies initialized[39m
2026-04-11 13:04:54.042 - [32minfo[39m: [InstanceLoader] 	[32mPrometheusModule dependencies initialized[39m
2026-04-11 13:04:54.042 - [32minfo[39m: [InstanceLoader] 	[32mPrometheusModule dependencies initialized[39m
2026-04-11 13:04:54.042 - [32minfo[39m: [InstanceLoader] 	[32mConfigModule dependencies initialized[39m
2026-04-11 13:04:54.042 - [32minfo[39m: [InstanceLoader] 	[32mConfigModule dependencies initialized[39m
2026-04-11 13:04:54.042 - [32minfo[39m: [InstanceLoader] 	[32mRedisModule dependencies initialized[39m
2026-04-11 13:04:54.043 - [32minfo[39m: [InstanceLoader] 	[32mMetricsModule dependencies initialized[39m
2026-04-11 13:04:54.044 - [32minfo[39m: [InstanceLoader] 	[32mAppModule dependencies initialized[39m
2026-04-11 13:04:54.044 - [32minfo[39m: [InstanceLoader] 	[32mSessionModule dependencies initialized[39m
2026-04-11 13:04:54.059 - [32minfo[39m: [WebSocketsController] 	[32mSessionGateway subscribed to the "session:create" message[39m
2026-04-11 13:04:54.059 - [32minfo[39m: [WebSocketsController] 	[32mSessionGateway subscribed to the "session:join" message[39m
2026-04-11 13:04:54.059 - [32minfo[39m: [WebSocketsController] 	[32mSessionGateway subscribed to the "session:leave" message[39m
2026-04-11 13:04:54.059 - [32minfo[39m: [WebSocketsController] 	[32mSessionGateway subscribed to the "session:launch" message[39m
2026-04-11 13:04:54.059 - [32minfo[39m: [WebSocketsController] 	[32mSessionGateway subscribed to the "session:close" message[39m
2026-04-11 13:04:54.060 - [32minfo[39m: [RoutesResolver] 	[32mAppController {/}:[39m
2026-04-11 13:04:54.062 - [32minfo[39m: [RouterExplorer] 	[32mMapped {/, GET} route[39m
2026-04-11 13:04:54.062 - [32minfo[39m: [RoutesResolver] 	[32mSessionController {/sessions}:[39m
2026-04-11 13:04:54.063 - [32minfo[39m: [RouterExplorer] 	[32mMapped {/sessions, POST} route[39m
2026-04-11 13:04:54.063 - [32minfo[39m: [RouterExplorer] 	[32mMapped {/sessions, GET} route[39m
2026-04-11 13:04:54.064 - [32minfo[39m: [RouterExplorer] 	[32mMapped {/sessions/:id, GET} route[39m
2026-04-11 13:04:54.064 - [32minfo[39m: [RouterExplorer] 	[32mMapped {/sessions/:id/launch, POST} route[39m
2026-04-11 13:04:54.064 - [32minfo[39m: [RouterExplorer] 	[32mMapped {/sessions/:id/join, POST} route[39m
2026-04-11 13:04:54.064 - [32minfo[39m: [RouterExplorer] 	[32mMapped {/sessions/:id/leave, POST} route[39m
2026-04-11 13:04:54.064 - [32minfo[39m: [RouterExplorer] 	[32mMapped {/sessions/:id, DELETE} route[39m
2026-04-11 13:04:54.064 - [32minfo[39m: [RoutesResolver] 	[32mMetricsController {/}:[39m
2026-04-11 13:04:54.065 - [32minfo[39m: [RouterExplorer] 	[32mMapped {/metrics, GET} route[39m
2026-04-11 13:04:54.065 - [32minfo[39m: [RoutesResolver] 	[32mPrometheusController {/metrics}:[39m
2026-04-11 13:04:54.065 - [32minfo[39m: [RouterExplorer] 	[32mMapped {/metrics, GET} route[39m
2026-04-11 13:04:54.065 - [32minfo[39m: [RoutesResolver] 	[32mPrometheusController {/metrics}:[39m
2026-04-11 13:04:54.065 - [32minfo[39m: [RouterExplorer] 	[32mMapped {/metrics, GET} route[39m
2026-04-11 13:04:54.138 - [32minfo[39m: [NestApplication] 	[32mNest application successfully started[39m
2026-04-11 13:04:54.140 - [32minfo[39m: [undefined] 	[32mChariot Session API running on port 9002[39m
2026-04-11 13:25:00.037 - [32minfo[39m: [NestFactory] 	[32mStarting Nest application...[39m
2026-04-11 13:25:00.049 - [32minfo[39m: [InstanceLoader] 	[32mPrismaModule dependencies initialized[39m
2026-04-11 13:25:00.050 - [32minfo[39m: [InstanceLoader] 	[32mConfigHostModule dependencies initialized[39m
2026-04-11 13:25:00.050 - [32minfo[39m: [InstanceLoader] 	[32mPrometheusModule dependencies initialized[39m
2026-04-11 13:25:00.050 - [32minfo[39m: [InstanceLoader] 	[32mPrometheusModule dependencies initialized[39m
2026-04-11 13:25:00.051 - [32minfo[39m: [InstanceLoader] 	[32mConfigModule dependencies initialized[39m
2026-04-11 13:25:00.051 - [32minfo[39m: [InstanceLoader] 	[32mConfigModule dependencies initialized[39m
2026-04-11 13:25:00.051 - [32minfo[39m: [InstanceLoader] 	[32mRedisModule dependencies initialized[39m
2026-04-11 13:25:00.051 - [32minfo[39m: [InstanceLoader] 	[32mMetricsModule dependencies initialized[39m
2026-04-11 13:25:00.052 - [32minfo[39m: [InstanceLoader] 	[32mAppModule dependencies initialized[39m
2026-04-11 13:25:00.052 - [32minfo[39m: [InstanceLoader] 	[32mSessionModule dependencies initialized[39m
2026-04-11 13:25:00.071 - [32minfo[39m: [WebSocketsController] 	[32mSessionGateway subscribed to the "session:create" message[39m
2026-04-11 13:25:00.072 - [32minfo[39m: [WebSocketsController] 	[32mSessionGateway subscribed to the "session:join" message[39m
2026-04-11 13:25:00.072 - [32minfo[39m: [WebSocketsController] 	[32mSessionGateway subscribed to the "session:leave" message[39m
2026-04-11 13:25:00.072 - [32minfo[39m: [WebSocketsController] 	[32mSessionGateway subscribed to the "session:launch" message[39m
2026-04-11 13:25:00.072 - [32minfo[39m: [WebSocketsController] 	[32mSessionGateway subscribed to the "session:close" message[39m
2026-04-11 13:25:00.073 - [32minfo[39m: [RoutesResolver] 	[32mAppController {/}:[39m
2026-04-11 13:25:00.075 - [32minfo[39m: [RouterExplorer] 	[32mMapped {/, GET} route[39m
2026-04-11 13:25:00.075 - [32minfo[39m: [RoutesResolver] 	[32mSessionController {/sessions}:[39m
2026-04-11 13:25:00.076 - [32minfo[39m: [RouterExplorer] 	[32mMapped {/sessions, POST} route[39m
2026-04-11 13:25:00.076 - [32minfo[39m: [RouterExplorer] 	[32mMapped {/sessions, GET} route[39m
2026-04-11 13:25:00.077 - [32minfo[39m: [RouterExplorer] 	[32mMapped {/sessions/:id, GET} route[39m
2026-04-11 13:25:00.077 - [32minfo[39m: [RouterExplorer] 	[32mMapped {/sessions/:id/launch, POST} route[39m
2026-04-11 13:25:00.077 - [32minfo[39m: [RouterExplorer] 	[32mMapped {/sessions/:id/join, POST} route[39m
2026-04-11 13:25:00.077 - [32minfo[39m: [RouterExplorer] 	[32mMapped {/sessions/:id/leave, POST} route[39m
2026-04-11 13:25:00.077 - [32minfo[39m: [RouterExplorer] 	[32mMapped {/sessions/:id, DELETE} route[39m
2026-04-11 13:25:00.078 - [32minfo[39m: [RoutesResolver] 	[32mMetricsController {/}:[39m
2026-04-11 13:25:00.078 - [32minfo[39m: [RouterExplorer] 	[32mMapped {/metrics, GET} route[39m
2026-04-11 13:25:00.078 - [32minfo[39m: [RoutesResolver] 	[32mPrometheusController {/metrics}:[39m
2026-04-11 13:25:00.079 - [32minfo[39m: [RouterExplorer] 	[32mMapped {/metrics, GET} route[39m
2026-04-11 13:25:00.079 - [32minfo[39m: [RoutesResolver] 	[32mPrometheusController {/metrics}:[39m
2026-04-11 13:25:00.079 - [32minfo[39m: [RouterExplorer] 	[32mMapped {/metrics, GET} route[39m
2026-04-11 13:25:00.150 - [32minfo[39m: [NestApplication] 	[32mNest application successfully started[39m
2026-04-11 13:25:00.151 - [32minfo[39m: [undefined] 	[32mChariot Session API running on port 9002[39m
2026-04-11 13:27:20.546 - [32minfo[39m: [NestFactory] 	[32mStarting Nest application...[39m
2026-04-11 13:27:20.557 - [32minfo[39m: [InstanceLoader] 	[32mPrismaModule dependencies initialized[39m
2026-04-11 13:27:20.558 - [32minfo[39m: [InstanceLoader] 	[32mConfigHostModule dependencies initialized[39m
2026-04-11 13:27:20.558 - [32minfo[39m: [InstanceLoader] 	[32mPrometheusModule dependencies initialized[39m
2026-04-11 13:27:20.558 - [32minfo[39m: [InstanceLoader] 	[32mPrometheusModule dependencies initialized[39m
2026-04-11 13:27:20.558 - [32minfo[39m: [InstanceLoader] 	[32mConfigModule dependencies initialized[39m
2026-04-11 13:27:20.558 - [32minfo[39m: [InstanceLoader] 	[32mConfigModule dependencies initialized[39m
2026-04-11 13:27:20.558 - [32minfo[39m: [InstanceLoader] 	[32mRedisModule dependencies initialized[39m
2026-04-11 13:27:20.559 - [32minfo[39m: [InstanceLoader] 	[32mMetricsModule dependencies initialized[39m
2026-04-11 13:27:20.559 - [32minfo[39m: [InstanceLoader] 	[32mAppModule dependencies initialized[39m
2026-04-11 13:27:20.560 - [32minfo[39m: [InstanceLoader] 	[32mSessionModule dependencies initialized[39m
2026-04-11 13:27:20.574 - [32minfo[39m: [WebSocketsController] 	[32mSessionGateway subscribed to the "session:create" message[39m
2026-04-11 13:27:20.574 - [32minfo[39m: [WebSocketsController] 	[32mSessionGateway subscribed to the "session:join" message[39m
2026-04-11 13:27:20.574 - [32minfo[39m: [WebSocketsController] 	[32mSessionGateway subscribed to the "session:leave" message[39m
2026-04-11 13:27:20.574 - [32minfo[39m: [WebSocketsController] 	[32mSessionGateway subscribed to the "session:launch" message[39m
2026-04-11 13:27:20.574 - [32minfo[39m: [WebSocketsController] 	[32mSessionGateway subscribed to the "session:close" message[39m
2026-04-11 13:27:20.576 - [32minfo[39m: [RoutesResolver] 	[32mAppController {/}:[39m
2026-04-11 13:27:20.577 - [32minfo[39m: [RouterExplorer] 	[32mMapped {/, GET} route[39m
2026-04-11 13:27:20.577 - [32minfo[39m: [RoutesResolver] 	[32mSessionController {/sessions}:[39m
2026-04-11 13:27:20.578 - [32minfo[39m: [RouterExplorer] 	[32mMapped {/sessions, POST} route[39m
2026-04-11 13:27:20.578 - [32minfo[39m: [RouterExplorer] 	[32mMapped {/sessions, GET} route[39m
2026-04-11 13:27:20.578 - [32minfo[39m: [RouterExplorer] 	[32mMapped {/sessions/:id, GET} route[39m
2026-04-11 13:27:20.579 - [32minfo[39m: [RouterExplorer] 	[32mMapped {/sessions/:id/launch, POST} route[39m
2026-04-11 13:27:20.579 - [32minfo[39m: [RouterExplorer] 	[32mMapped {/sessions/:id/join, POST} route[39m
2026-04-11 13:27:20.579 - [32minfo[39m: [RouterExplorer] 	[32mMapped {/sessions/:id/leave, POST} route[39m
2026-04-11 13:27:20.579 - [32minfo[39m: [RouterExplorer] 	[32mMapped {/sessions/:id, DELETE} route[39m
2026-04-11 13:27:20.579 - [32minfo[39m: [RoutesResolver] 	[32mMetricsController {/}:[39m
2026-04-11 13:27:20.579 - [32minfo[39m: [RouterExplorer] 	[32mMapped {/metrics, GET} route[39m
2026-04-11 13:27:20.580 - [32minfo[39m: [RoutesResolver] 	[32mPrometheusController {/metrics}:[39m
2026-04-11 13:27:20.580 - [32minfo[39m: [RouterExplorer] 	[32mMapped {/metrics, GET} route[39m
2026-04-11 13:27:20.580 - [32minfo[39m: [RoutesResolver] 	[32mPrometheusController {/metrics}:[39m
2026-04-11 13:27:20.580 - [32minfo[39m: [RouterExplorer] 	[32mMapped {/metrics, GET} route[39m
2026-04-11 13:27:20.655 - [32minfo[39m: [NestApplication] 	[32mNest application successfully started[39m
2026-04-11 13:27:20.656 - [32minfo[39m: [undefined] 	[32mChariot Session API running on port 9002[39m
2026-04-11 13:29:46.855 - [32minfo[39m: [NestFactory] 	[32mStarting Nest application...[39m
2026-04-11 13:29:46.875 - [32minfo[39m: [InstanceLoader] 	[32mPrismaModule dependencies initialized[39m
2026-04-11 13:29:46.875 - [32minfo[39m: [InstanceLoader] 	[32mConfigHostModule dependencies initialized[39m
2026-04-11 13:29:46.875 - [32minfo[39m: [InstanceLoader] 	[32mPrometheusModule dependencies initialized[39m
2026-04-11 13:29:46.875 - [32minfo[39m: [InstanceLoader] 	[32mPrometheusModule dependencies initialized[39m
2026-04-11 13:29:46.875 - [32minfo[39m: [InstanceLoader] 	[32mConfigModule dependencies initialized[39m
2026-04-11 13:29:46.875 - [32minfo[39m: [InstanceLoader] 	[32mConfigModule dependencies initialized[39m
2026-04-11 13:29:46.876 - [32minfo[39m: [InstanceLoader] 	[32mRedisModule dependencies initialized[39m
2026-04-11 13:29:46.876 - [32minfo[39m: [InstanceLoader] 	[32mMetricsModule dependencies initialized[39m
2026-04-11 13:29:46.877 - [32minfo[39m: [InstanceLoader] 	[32mAppModule dependencies initialized[39m
2026-04-11 13:29:46.877 - [32minfo[39m: [InstanceLoader] 	[32mSessionModule dependencies initialized[39m
2026-04-11 13:29:46.900 - [32minfo[39m: [WebSocketsController] 	[32mSessionGateway subscribed to the "session:create" message[39m
2026-04-11 13:29:46.900 - [32minfo[39m: [WebSocketsController] 	[32mSessionGateway subscribed to the "session:join" message[39m
2026-04-11 13:29:46.900 - [32minfo[39m: [WebSocketsController] 	[32mSessionGateway subscribed to the "session:leave" message[39m
2026-04-11 13:29:46.900 - [32minfo[39m: [WebSocketsController] 	[32mSessionGateway subscribed to the "session:launch" message[39m
2026-04-11 13:29:46.900 - [32minfo[39m: [WebSocketsController] 	[32mSessionGateway subscribed to the "session:close" message[39m
2026-04-11 13:29:46.902 - [32minfo[39m: [RoutesResolver] 	[32mAppController {/}:[39m
2026-04-11 13:29:46.904 - [32minfo[39m: [RouterExplorer] 	[32mMapped {/, GET} route[39m
2026-04-11 13:29:46.904 - [32minfo[39m: [RoutesResolver] 	[32mSessionController {/sessions}:[39m
2026-04-11 13:29:46.904 - [32minfo[39m: [RouterExplorer] 	[32mMapped {/sessions, POST} route[39m
2026-04-11 13:29:46.905 - [32minfo[39m: [RouterExplorer] 	[32mMapped {/sessions, GET} route[39m
2026-04-11 13:29:46.905 - [32minfo[39m: [RouterExplorer] 	[32mMapped {/sessions/:id, GET} route[39m
2026-04-11 13:29:46.905 - [32minfo[39m: [RouterExplorer] 	[32mMapped {/sessions/:id/launch, POST} route[39m
2026-04-11 13:29:46.905 - [32minfo[39m: [RouterExplorer] 	[32mMapped {/sessions/:id/join, POST} route[39m
2026-04-11 13:29:46.906 - [32minfo[39m: [RouterExplorer] 	[32mMapped {/sessions/:id/leave, POST} route[39m
2026-04-11 13:29:46.906 - [32minfo[39m: [RouterExplorer] 	[32mMapped {/sessions/:id, DELETE} route[39m
2026-04-11 13:29:46.906 - [32minfo[39m: [RoutesResolver] 	[32mMetricsController {/}:[39m
2026-04-11 13:29:46.906 - [32minfo[39m: [RouterExplorer] 	[32mMapped {/metrics, GET} route[39m
2026-04-11 13:29:46.906 - [32minfo[39m: [RoutesResolver] 	[32mPrometheusController {/metrics}:[39m
2026-04-11 13:29:46.906 - [32minfo[39m: [RouterExplorer] 	[32mMapped {/metrics, GET} route[39m
2026-04-11 13:29:46.906 - [32minfo[39m: [RoutesResolver] 	[32mPrometheusController {/metrics}:[39m
2026-04-11 13:29:46.907 - [32minfo[39m: [RouterExplorer] 	[32mMapped {/metrics, GET} route[39m
2026-04-11 13:29:46.978 - [32minfo[39m: [NestApplication] 	[32mNest application successfully started[39m
2026-04-11 13:29:46.979 - [32minfo[39m: [undefined] 	[32mChariot Session API running on port 9002[39m
2026-04-11 13:37:17.157 - [32minfo[39m: [NestFactory] 	[32mStarting Nest application...[39m
2026-04-11 13:37:17.169 - [32minfo[39m: [InstanceLoader] 	[32mPrismaModule dependencies initialized[39m
2026-04-11 13:37:17.169 - [32minfo[39m: [InstanceLoader] 	[32mConfigHostModule dependencies initialized[39m
2026-04-11 13:37:17.169 - [32minfo[39m: [InstanceLoader] 	[32mPrometheusModule dependencies initialized[39m
2026-04-11 13:37:17.170 - [32minfo[39m: [InstanceLoader] 	[32mPrometheusModule dependencies initialized[39m
2026-04-11 13:37:17.170 - [32minfo[39m: [InstanceLoader] 	[32mConfigModule dependencies initialized[39m
2026-04-11 13:37:17.170 - [32minfo[39m: [InstanceLoader] 	[32mConfigModule dependencies initialized[39m
2026-04-11 13:37:17.170 - [32minfo[39m: [InstanceLoader] 	[32mRedisModule dependencies initialized[39m
2026-04-11 13:37:17.170 - [32minfo[39m: [InstanceLoader] 	[32mMetricsModule dependencies initialized[39m
2026-04-11 13:37:17.171 - [32minfo[39m: [InstanceLoader] 	[32mAppModule dependencies initialized[39m
2026-04-11 13:37:17.171 - [32minfo[39m: [InstanceLoader] 	[32mSessionModule dependencies initialized[39m
2026-04-11 13:37:17.195 - [32minfo[39m: [WebSocketsController] 	[32mSessionGateway subscribed to the "session:create" message[39m
2026-04-11 13:37:17.195 - [32minfo[39m: [WebSocketsController] 	[32mSessionGateway subscribed to the "session:join" message[39m
2026-04-11 13:37:17.195 - [32minfo[39m: [WebSocketsController] 	[32mSessionGateway subscribed to the "session:leave" message[39m
2026-04-11 13:37:17.195 - [32minfo[39m: [WebSocketsController] 	[32mSessionGateway subscribed to the "session:launch" message[39m
2026-04-11 13:37:17.195 - [32minfo[39m: [WebSocketsController] 	[32mSessionGateway subscribed to the "session:close" message[39m
2026-04-11 13:37:17.196 - [32minfo[39m: [RoutesResolver] 	[32mAppController {/}:[39m
2026-04-11 13:37:17.196 - [32minfo[39m: [RouterExplorer] 	[32mMapped {/, GET} route[39m
2026-04-11 13:37:17.197 - [32minfo[39m: [RoutesResolver] 	[32mSessionController {/sessions}:[39m
2026-04-11 13:37:17.197 - [32minfo[39m: [RouterExplorer] 	[32mMapped {/sessions, POST} route[39m
2026-04-11 13:37:17.197 - [32minfo[39m: [RouterExplorer] 	[32mMapped {/sessions, GET} route[39m
2026-04-11 13:37:17.197 - [32minfo[39m: [RouterExplorer] 	[32mMapped {/sessions/:id/participants, GET} route[39m
2026-04-11 13:37:17.197 - [32minfo[39m: [RouterExplorer] 	[32mMapped {/sessions/:id, GET} route[39m
2026-04-11 13:37:17.197 - [32minfo[39m: [RouterExplorer] 	[32mMapped {/sessions/:id/launch, POST} route[39m
2026-04-11 13:37:17.198 - [32minfo[39m: [RouterExplorer] 	[32mMapped {/sessions/:id/join, POST} route[39m
2026-04-11 13:37:17.198 - [32minfo[39m: [RouterExplorer] 	[32mMapped {/sessions/:id/leave, POST} route[39m
2026-04-11 13:37:17.198 - [32minfo[39m: [RouterExplorer] 	[32mMapped {/sessions/:id, DELETE} route[39m
2026-04-11 13:37:17.198 - [32minfo[39m: [RoutesResolver] 	[32mMetricsController {/}:[39m
2026-04-11 13:37:17.198 - [32minfo[39m: [RouterExplorer] 	[32mMapped {/metrics, GET} route[39m
2026-04-11 13:37:17.198 - [32minfo[39m: [RoutesResolver] 	[32mPrometheusController {/metrics}:[39m
2026-04-11 13:37:17.199 - [32minfo[39m: [RouterExplorer] 	[32mMapped {/metrics, GET} route[39m
2026-04-11 13:37:17.199 - [32minfo[39m: [RoutesResolver] 	[32mPrometheusController {/metrics}:[39m
2026-04-11 13:37:17.199 - [32minfo[39m: [RouterExplorer] 	[32mMapped {/metrics, GET} route[39m
2026-04-11 13:37:17.262 - [32minfo[39m: [NestApplication] 	[32mNest application successfully started[39m
2026-04-11 13:37:17.263 - [32minfo[39m: [undefined] 	[32mChariot Session API running on port 9002[39m
2026-04-11 13:40:21.142 - [32minfo[39m: [NestFactory] 	[32mStarting Nest application...[39m
2026-04-11 13:40:21.153 - [32minfo[39m: [InstanceLoader] 	[32mPrismaModule dependencies initialized[39m
2026-04-11 13:40:21.153 - [32minfo[39m: [InstanceLoader] 	[32mConfigHostModule dependencies initialized[39m
2026-04-11 13:40:21.153 - [32minfo[39m: [InstanceLoader] 	[32mPrometheusModule dependencies initialized[39m
2026-04-11 13:40:21.153 - [32minfo[39m: [InstanceLoader] 	[32mPrometheusModule dependencies initialized[39m
2026-04-11 13:40:21.153 - [32minfo[39m: [InstanceLoader] 	[32mConfigModule dependencies initialized[39m
2026-04-11 13:40:21.154 - [32minfo[39m: [InstanceLoader] 	[32mConfigModule dependencies initialized[39m
2026-04-11 13:40:21.154 - [32minfo[39m: [InstanceLoader] 	[32mRedisModule dependencies initialized[39m
2026-04-11 13:40:21.154 - [32minfo[39m: [InstanceLoader] 	[32mMetricsModule dependencies initialized[39m
2026-04-11 13:40:21.155 - [32minfo[39m: [InstanceLoader] 	[32mAppModule dependencies initialized[39m
2026-04-11 13:40:21.155 - [32minfo[39m: [InstanceLoader] 	[32mSessionModule dependencies initialized[39m
2026-04-11 13:40:21.170 - [32minfo[39m: [WebSocketsController] 	[32mSessionGateway subscribed to the "session:create" message[39m
2026-04-11 13:40:21.170 - [32minfo[39m: [WebSocketsController] 	[32mSessionGateway subscribed to the "session:join" message[39m
2026-04-11 13:40:21.170 - [32minfo[39m: [WebSocketsController] 	[32mSessionGateway subscribed to the "session:leave" message[39m
2026-04-11 13:40:21.170 - [32minfo[39m: [WebSocketsController] 	[32mSessionGateway subscribed to the "session:launch" message[39m
2026-04-11 13:40:21.170 - [32minfo[39m: [WebSocketsController] 	[32mSessionGateway subscribed to the "session:close" message[39m
2026-04-11 13:40:21.171 - [32minfo[39m: [RoutesResolver] 	[32mAppController {/}:[39m
2026-04-11 13:40:21.171 - [32minfo[39m: [RouterExplorer] 	[32mMapped {/, GET} route[39m
2026-04-11 13:40:21.171 - [32minfo[39m: [RoutesResolver] 	[32mSessionController {/sessions}:[39m
2026-04-11 13:40:21.172 - [32minfo[39m: [RouterExplorer] 	[32mMapped {/sessions, POST} route[39m
2026-04-11 13:40:21.172 - [32minfo[39m: [RouterExplorer] 	[32mMapped {/sessions, GET} route[39m
2026-04-11 13:40:21.172 - [32minfo[39m: [RouterExplorer] 	[32mMapped {/sessions/:id/participants, GET} route[39m
2026-04-11 13:40:21.172 - [32minfo[39m: [RouterExplorer] 	[32mMapped {/sessions/:id, GET} route[39m
2026-04-11 13:40:21.172 - [32minfo[39m: [RouterExplorer] 	[32mMapped {/sessions/:id/launch, POST} route[39m
2026-04-11 13:40:21.172 - [32minfo[39m: [RouterExplorer] 	[32mMapped {/sessions/:id/join, POST} route[39m
2026-04-11 13:40:21.173 - [32minfo[39m: [RouterExplorer] 	[32mMapped {/sessions/:id/leave, POST} route[39m
2026-04-11 13:40:21.173 - [32minfo[39m: [RouterExplorer] 	[32mMapped {/sessions/:id, DELETE} route[39m
2026-04-11 13:40:21.173 - [32minfo[39m: [RoutesResolver] 	[32mMetricsController {/}:[39m
2026-04-11 13:40:21.173 - [32minfo[39m: [RouterExplorer] 	[32mMapped {/metrics, GET} route[39m
2026-04-11 13:40:21.173 - [32minfo[39m: [RoutesResolver] 	[32mPrometheusController {/metrics}:[39m
2026-04-11 13:40:21.174 - [32minfo[39m: [RouterExplorer] 	[32mMapped {/metrics, GET} route[39m
2026-04-11 13:40:21.174 - [32minfo[39m: [RoutesResolver] 	[32mPrometheusController {/metrics}:[39m
2026-04-11 13:40:21.174 - [32minfo[39m: [RouterExplorer] 	[32mMapped {/metrics, GET} route[39m
2026-04-11 13:40:21.231 - [32minfo[39m: [NestApplication] 	[32mNest application successfully started[39m
2026-04-11 13:40:21.232 - [32minfo[39m: [undefined] 	[32mChariot Session API running on port 9002[39m
2026-04-11 13:40:42.538 - [32minfo[39m: [NestFactory] 	[32mStarting Nest application...[39m
2026-04-11 13:40:42.549 - [32minfo[39m: [InstanceLoader] 	[32mPrismaModule dependencies initialized[39m
2026-04-11 13:40:42.549 - [32minfo[39m: [InstanceLoader] 	[32mConfigHostModule dependencies initialized[39m
2026-04-11 13:40:42.549 - [32minfo[39m: [InstanceLoader] 	[32mPrometheusModule dependencies initialized[39m
2026-04-11 13:40:42.549 - [32minfo[39m: [InstanceLoader] 	[32mPrometheusModule dependencies initialized[39m
2026-04-11 13:40:42.550 - [32minfo[39m: [InstanceLoader] 	[32mConfigModule dependencies initialized[39m
2026-04-11 13:40:42.550 - [32minfo[39m: [InstanceLoader] 	[32mConfigModule dependencies initialized[39m
2026-04-11 13:40:42.550 - [32minfo[39m: [InstanceLoader] 	[32mRedisModule dependencies initialized[39m
2026-04-11 13:40:42.550 - [32minfo[39m: [InstanceLoader] 	[32mMetricsModule dependencies initialized[39m
2026-04-11 13:40:42.551 - [32minfo[39m: [InstanceLoader] 	[32mAppModule dependencies initialized[39m
2026-04-11 13:40:42.551 - [32minfo[39m: [InstanceLoader] 	[32mSessionModule dependencies initialized[39m
2026-04-11 13:40:42.567 - [32minfo[39m: [WebSocketsController] 	[32mSessionGateway subscribed to the "session:create" message[39m
2026-04-11 13:40:42.567 - [32minfo[39m: [WebSocketsController] 	[32mSessionGateway subscribed to the "session:join" message[39m
2026-04-11 13:40:42.567 - [32minfo[39m: [WebSocketsController] 	[32mSessionGateway subscribed to the "session:leave" message[39m
2026-04-11 13:40:42.567 - [32minfo[39m: [WebSocketsController] 	[32mSessionGateway subscribed to the "session:launch" message[39m
2026-04-11 13:40:42.567 - [32minfo[39m: [WebSocketsController] 	[32mSessionGateway subscribed to the "session:close" message[39m
2026-04-11 13:40:42.567 - [32minfo[39m: [RoutesResolver] 	[32mAppController {/}:[39m
2026-04-11 13:40:42.568 - [32minfo[39m: [RouterExplorer] 	[32mMapped {/, GET} route[39m
2026-04-11 13:40:42.568 - [32minfo[39m: [RoutesResolver] 	[32mSessionController {/sessions}:[39m
2026-04-11 13:40:42.569 - [32minfo[39m: [RouterExplorer] 	[32mMapped {/sessions, POST} route[39m
2026-04-11 13:40:42.569 - [32minfo[39m: [RouterExplorer] 	[32mMapped {/sessions, GET} route[39m
2026-04-11 13:40:42.569 - [32minfo[39m: [RouterExplorer] 	[32mMapped {/sessions/:id/participants, GET} route[39m
2026-04-11 13:40:42.569 - [32minfo[39m: [RouterExplorer] 	[32mMapped {/sessions/:id, GET} route[39m
2026-04-11 13:40:42.569 - [32minfo[39m: [RouterExplorer] 	[32mMapped {/sessions/:id/launch, POST} route[39m
2026-04-11 13:40:42.569 - [32minfo[39m: [RouterExplorer] 	[32mMapped {/sessions/:id/join, POST} route[39m
2026-04-11 13:40:42.570 - [32minfo[39m: [RouterExplorer] 	[32mMapped {/sessions/:id/leave, POST} route[39m
2026-04-11 13:40:42.570 - [32minfo[39m: [RouterExplorer] 	[32mMapped {/sessions/:id, DELETE} route[39m
2026-04-11 13:40:42.570 - [32minfo[39m: [RoutesResolver] 	[32mMetricsController {/}:[39m
2026-04-11 13:40:42.571 - [32minfo[39m: [RouterExplorer] 	[32mMapped {/metrics, GET} route[39m
2026-04-11 13:40:42.571 - [32minfo[39m: [RoutesResolver] 	[32mPrometheusController {/metrics}:[39m
2026-04-11 13:40:42.571 - [32minfo[39m: [RouterExplorer] 	[32mMapped {/metrics, GET} route[39m
2026-04-11 13:40:42.571 - [32minfo[39m: [RoutesResolver] 	[32mPrometheusController {/metrics}:[39m
2026-04-11 13:40:42.571 - [32minfo[39m: [RouterExplorer] 	[32mMapped {/metrics, GET} route[39m
2026-04-11 13:40:42.630 - [32minfo[39m: [NestApplication] 	[32mNest application successfully started[39m
2026-04-11 13:40:42.631 - [32minfo[39m: [undefined] 	[32mChariot Session API running on port 9002[39m
2026-04-11 13:42:13.268 - [32minfo[39m: [NestFactory] 	[32mStarting Nest application...[39m
2026-04-11 13:42:13.279 - [32minfo[39m: [InstanceLoader] 	[32mPrismaModule dependencies initialized[39m
2026-04-11 13:42:13.280 - [32minfo[39m: [InstanceLoader] 	[32mConfigHostModule dependencies initialized[39m
2026-04-11 13:42:13.280 - [32minfo[39m: [InstanceLoader] 	[32mPrometheusModule dependencies initialized[39m
2026-04-11 13:42:13.280 - [32minfo[39m: [InstanceLoader] 	[32mPrometheusModule dependencies initialized[39m
2026-04-11 13:42:13.280 - [32minfo[39m: [InstanceLoader] 	[32mConfigModule dependencies initialized[39m
2026-04-11 13:42:13.280 - [32minfo[39m: [InstanceLoader] 	[32mConfigModule dependencies initialized[39m
2026-04-11 13:42:13.280 - [32minfo[39m: [InstanceLoader] 	[32mRedisModule dependencies initialized[39m
2026-04-11 13:42:13.281 - [32minfo[39m: [InstanceLoader] 	[32mMetricsModule dependencies initialized[39m
2026-04-11 13:42:13.281 - [32minfo[39m: [InstanceLoader] 	[32mAppModule dependencies initialized[39m
2026-04-11 13:42:13.282 - [32minfo[39m: [InstanceLoader] 	[32mSessionModule dependencies initialized[39m
2026-04-11 13:42:13.297 - [32minfo[39m: [WebSocketsController] 	[32mSessionGateway subscribed to the "session:create" message[39m
2026-04-11 13:42:13.297 - [32minfo[39m: [WebSocketsController] 	[32mSessionGateway subscribed to the "session:join" message[39m
2026-04-11 13:42:13.297 - [32minfo[39m: [WebSocketsController] 	[32mSessionGateway subscribed to the "session:leave" message[39m
2026-04-11 13:42:13.297 - [32minfo[39m: [WebSocketsController] 	[32mSessionGateway subscribed to the "session:launch" message[39m
2026-04-11 13:42:13.297 - [32minfo[39m: [WebSocketsController] 	[32mSessionGateway subscribed to the "session:close" message[39m
2026-04-11 13:42:13.297 - [32minfo[39m: [RoutesResolver] 	[32mAppController {/}:[39m
2026-04-11 13:42:13.298 - [32minfo[39m: [RouterExplorer] 	[32mMapped {/, GET} route[39m
2026-04-11 13:42:13.298 - [32minfo[39m: [RoutesResolver] 	[32mSessionController {/sessions}:[39m
2026-04-11 13:42:13.298 - [32minfo[39m: [RouterExplorer] 	[32mMapped {/sessions, POST} route[39m
2026-04-11 13:42:13.299 - [32minfo[39m: [RouterExplorer] 	[32mMapped {/sessions, GET} route[39m
2026-04-11 13:42:13.299 - [32minfo[39m: [RouterExplorer] 	[32mMapped {/sessions/:id/participants, GET} route[39m
2026-04-11 13:42:13.299 - [32minfo[39m: [RouterExplorer] 	[32mMapped {/sessions/:id, GET} route[39m
2026-04-11 13:42:13.299 - [32minfo[39m: [RouterExplorer] 	[32mMapped {/sessions/:id/launch, POST} route[39m
2026-04-11 13:42:13.299 - [32minfo[39m: [RouterExplorer] 	[32mMapped {/sessions/:id/join, POST} route[39m
2026-04-11 13:42:13.299 - [32minfo[39m: [RouterExplorer] 	[32mMapped {/sessions/:id/leave, POST} route[39m
2026-04-11 13:42:13.300 - [32minfo[39m: [RouterExplorer] 	[32mMapped {/sessions/:id, DELETE} route[39m
2026-04-11 13:42:13.300 - [32minfo[39m: [RoutesResolver] 	[32mMetricsController {/}:[39m
2026-04-11 13:42:13.300 - [32minfo[39m: [RouterExplorer] 	[32mMapped {/metrics, GET} route[39m
2026-04-11 13:42:13.300 - [32minfo[39m: [RoutesResolver] 	[32mPrometheusController {/metrics}:[39m
2026-04-11 13:42:13.300 - [32minfo[39m: [RouterExplorer] 	[32mMapped {/metrics, GET} route[39m
2026-04-11 13:42:13.300 - [32minfo[39m: [RoutesResolver] 	[32mPrometheusController {/metrics}:[39m
2026-04-11 13:42:13.300 - [32minfo[39m: [RouterExplorer] 	[32mMapped {/metrics, GET} route[39m
2026-04-11 13:42:13.358 - [32minfo[39m: [NestApplication] 	[32mNest application successfully started[39m
2026-04-11 13:42:13.359 - [32minfo[39m: [undefined] 	[32mChariot Session API running on port 9002[39m
2026-04-11 13:42:23.245 - [32minfo[39m: [NestFactory] 	[32mStarting Nest application...[39m
2026-04-11 13:42:23.255 - [32minfo[39m: [InstanceLoader] 	[32mPrismaModule dependencies initialized[39m
2026-04-11 13:42:23.256 - [32minfo[39m: [InstanceLoader] 	[32mConfigHostModule dependencies initialized[39m
2026-04-11 13:42:23.256 - [32minfo[39m: [InstanceLoader] 	[32mPrometheusModule dependencies initialized[39m
2026-04-11 13:42:23.256 - [32minfo[39m: [InstanceLoader] 	[32mPrometheusModule dependencies initialized[39m
2026-04-11 13:42:23.256 - [32minfo[39m: [InstanceLoader] 	[32mConfigModule dependencies initialized[39m
2026-04-11 13:42:23.257 - [32minfo[39m: [InstanceLoader] 	[32mConfigModule dependencies initialized[39m
2026-04-11 13:42:23.257 - [32minfo[39m: [InstanceLoader] 	[32mRedisModule dependencies initialized[39m
2026-04-11 13:42:23.257 - [32minfo[39m: [InstanceLoader] 	[32mMetricsModule dependencies initialized[39m
2026-04-11 13:42:23.258 - [32minfo[39m: [InstanceLoader] 	[32mAppModule dependencies initialized[39m
2026-04-11 13:42:23.258 - [32minfo[39m: [InstanceLoader] 	[32mSessionModule dependencies initialized[39m
2026-04-11 13:42:23.274 - [32minfo[39m: [WebSocketsController] 	[32mSessionGateway subscribed to the "session:create" message[39m
2026-04-11 13:42:23.275 - [32minfo[39m: [WebSocketsController] 	[32mSessionGateway subscribed to the "session:join" message[39m
2026-04-11 13:42:23.275 - [32minfo[39m: [WebSocketsController] 	[32mSessionGateway subscribed to the "session:leave" message[39m
2026-04-11 13:42:23.275 - [32minfo[39m: [WebSocketsController] 	[32mSessionGateway subscribed to the "session:launch" message[39m
2026-04-11 13:42:23.275 - [32minfo[39m: [WebSocketsController] 	[32mSessionGateway subscribed to the "session:close" message[39m
2026-04-11 13:42:23.275 - [32minfo[39m: [RoutesResolver] 	[32mAppController {/}:[39m
2026-04-11 13:42:23.276 - [32minfo[39m: [RouterExplorer] 	[32mMapped {/, GET} route[39m
2026-04-11 13:42:23.276 - [32minfo[39m: [RoutesResolver] 	[32mSessionController {/sessions}:[39m
2026-04-11 13:42:23.277 - [32minfo[39m: [RouterExplorer] 	[32mMapped {/sessions, POST} route[39m
2026-04-11 13:42:23.277 - [32minfo[39m: [RouterExplorer] 	[32mMapped {/sessions, GET} route[39m
2026-04-11 13:42:23.277 - [32minfo[39m: [RouterExplorer] 	[32mMapped {/sessions/:id/participants, GET} route[39m
2026-04-11 13:42:23.278 - [32minfo[39m: [RouterExplorer] 	[32mMapped {/sessions/:id, GET} route[39m
2026-04-11 13:42:23.278 - [32minfo[39m: [RouterExplorer] 	[32mMapped {/sessions/:id/launch, POST} route[39m
2026-04-11 13:42:23.278 - [32minfo[39m: [RouterExplorer] 	[32mMapped {/sessions/:id/join, POST} route[39m
2026-04-11 13:42:23.278 - [32minfo[39m: [RouterExplorer] 	[32mMapped {/sessions/:id/leave, POST} route[39m
2026-04-11 13:42:23.278 - [32minfo[39m: [RouterExplorer] 	[32mMapped {/sessions/:id, DELETE} route[39m
2026-04-11 13:42:23.278 - [32minfo[39m: [RoutesResolver] 	[32mMetricsController {/}:[39m
2026-04-11 13:42:23.279 - [32minfo[39m: [RouterExplorer] 	[32mMapped {/metrics, GET} route[39m
2026-04-11 13:42:23.279 - [32minfo[39m: [RoutesResolver] 	[32mPrometheusController {/metrics}:[39m
2026-04-11 13:42:23.279 - [32minfo[39m: [RouterExplorer] 	[32mMapped {/metrics, GET} route[39m
2026-04-11 13:42:23.279 - [32minfo[39m: [RoutesResolver] 	[32mPrometheusController {/metrics}:[39m
2026-04-11 13:42:23.279 - [32minfo[39m: [RouterExplorer] 	[32mMapped {/metrics, GET} route[39m
2026-04-11 13:42:23.336 - [32minfo[39m: [NestApplication] 	[32mNest application successfully started[39m
2026-04-11 13:42:23.338 - [32minfo[39m: [undefined] 	[32mChariot Session API running on port 9002[39m
2026-04-11 13:42:31.670 - [32minfo[39m: [NestFactory] 	[32mStarting Nest application...[39m
2026-04-11 13:42:31.680 - [32minfo[39m: [InstanceLoader] 	[32mPrismaModule dependencies initialized[39m
2026-04-11 13:42:31.680 - [32minfo[39m: [InstanceLoader] 	[32mConfigHostModule dependencies initialized[39m
2026-04-11 13:42:31.680 - [32minfo[39m: [InstanceLoader] 	[32mPrometheusModule dependencies initialized[39m
2026-04-11 13:42:31.680 - [32minfo[39m: [InstanceLoader] 	[32mPrometheusModule dependencies initialized[39m
2026-04-11 13:42:31.681 - [32minfo[39m: [InstanceLoader] 	[32mConfigModule dependencies initialized[39m
2026-04-11 13:42:31.681 - [32minfo[39m: [InstanceLoader] 	[32mConfigModule dependencies initialized[39m
2026-04-11 13:42:31.681 - [32minfo[39m: [InstanceLoader] 	[32mRedisModule dependencies initialized[39m
2026-04-11 13:42:31.681 - [32minfo[39m: [InstanceLoader] 	[32mMetricsModule dependencies initialized[39m
2026-04-11 13:42:31.682 - [32minfo[39m: [InstanceLoader] 	[32mAppModule dependencies initialized[39m
2026-04-11 13:42:31.682 - [32minfo[39m: [InstanceLoader] 	[32mSessionModule dependencies initialized[39m
2026-04-11 13:42:31.697 - [32minfo[39m: [WebSocketsController] 	[32mSessionGateway subscribed to the "session:create" message[39m
2026-04-11 13:42:31.697 - [32minfo[39m: [WebSocketsController] 	[32mSessionGateway subscribed to the "session:join" message[39m
2026-04-11 13:42:31.697 - [32minfo[39m: [WebSocketsController] 	[32mSessionGateway subscribed to the "session:leave" message[39m
2026-04-11 13:42:31.697 - [32minfo[39m: [WebSocketsController] 	[32mSessionGateway subscribed to the "session:launch" message[39m
2026-04-11 13:42:31.697 - [32minfo[39m: [WebSocketsController] 	[32mSessionGateway subscribed to the "session:close" message[39m
2026-04-11 13:42:31.698 - [32minfo[39m: [RoutesResolver] 	[32mAppController {/}:[39m
2026-04-11 13:42:31.698 - [32minfo[39m: [RouterExplorer] 	[32mMapped {/, GET} route[39m
2026-04-11 13:42:31.698 - [32minfo[39m: [RoutesResolver] 	[32mSessionController {/sessions}:[39m
2026-04-11 13:42:31.699 - [32minfo[39m: [RouterExplorer] 	[32mMapped {/sessions, POST} route[39m
2026-04-11 13:42:31.699 - [32minfo[39m: [RouterExplorer] 	[32mMapped {/sessions, GET} route[39m
2026-04-11 13:42:31.699 - [32minfo[39m: [RouterExplorer] 	[32mMapped {/sessions/:id/participants, GET} route[39m
2026-04-11 13:42:31.699 - [32minfo[39m: [RouterExplorer] 	[32mMapped {/sessions/:id, GET} route[39m
2026-04-11 13:42:31.699 - [32minfo[39m: [RouterExplorer] 	[32mMapped {/sessions/:id/launch, POST} route[39m
2026-04-11 13:42:31.699 - [32minfo[39m: [RouterExplorer] 	[32mMapped {/sessions/:id/join, POST} route[39m
2026-04-11 13:42:31.700 - [32minfo[39m: [RouterExplorer] 	[32mMapped {/sessions/:id/leave, POST} route[39m
2026-04-11 13:42:31.700 - [32minfo[39m: [RouterExplorer] 	[32mMapped {/sessions/:id, DELETE} route[39m
2026-04-11 13:42:31.700 - [32minfo[39m: [RoutesResolver] 	[32mMetricsController {/}:[39m
2026-04-11 13:42:31.700 - [32minfo[39m: [RouterExplorer] 	[32mMapped {/metrics, GET} route[39m
2026-04-11 13:42:31.700 - [32minfo[39m: [RoutesResolver] 	[32mPrometheusController {/metrics}:[39m
2026-04-11 13:42:31.701 - [32minfo[39m: [RouterExplorer] 	[32mMapped {/metrics, GET} route[39m
2026-04-11 13:42:31.701 - [32minfo[39m: [RoutesResolver] 	[32mPrometheusController {/metrics}:[39m
2026-04-11 13:42:31.701 - [32minfo[39m: [RouterExplorer] 	[32mMapped {/metrics, GET} route[39m
2026-04-11 13:42:31.753 - [32minfo[39m: [NestApplication] 	[32mNest application successfully started[39m
2026-04-11 13:42:31.754 - [32minfo[39m: [undefined] 	[32mChariot Session API running on port 9002[39m
2026-04-11 13:42:36.250 - [32minfo[39m: [NestFactory] 	[32mStarting Nest application...[39m
2026-04-11 13:42:36.260 - [32minfo[39m: [InstanceLoader] 	[32mPrismaModule dependencies initialized[39m
2026-04-11 13:42:36.260 - [32minfo[39m: [InstanceLoader] 	[32mConfigHostModule dependencies initialized[39m
2026-04-11 13:42:36.260 - [32minfo[39m: [InstanceLoader] 	[32mPrometheusModule dependencies initialized[39m
2026-04-11 13:42:36.261 - [32minfo[39m: [InstanceLoader] 	[32mPrometheusModule dependencies initialized[39m
2026-04-11 13:42:36.261 - [32minfo[39m: [InstanceLoader] 	[32mConfigModule dependencies initialized[39m
2026-04-11 13:42:36.261 - [32minfo[39m: [InstanceLoader] 	[32mConfigModule dependencies initialized[39m
2026-04-11 13:42:36.261 - [32minfo[39m: [InstanceLoader] 	[32mRedisModule dependencies initialized[39m
2026-04-11 13:42:36.261 - [32minfo[39m: [InstanceLoader] 	[32mMetricsModule dependencies initialized[39m
2026-04-11 13:42:36.262 - [32minfo[39m: [InstanceLoader] 	[32mAppModule dependencies initialized[39m
2026-04-11 13:42:36.262 - [32minfo[39m: [InstanceLoader] 	[32mSessionModule dependencies initialized[39m
2026-04-11 13:42:36.277 - [32minfo[39m: [WebSocketsController] 	[32mSessionGateway subscribed to the "session:create" message[39m
2026-04-11 13:42:36.277 - [32minfo[39m: [WebSocketsController] 	[32mSessionGateway subscribed to the "session:join" message[39m
2026-04-11 13:42:36.277 - [32minfo[39m: [WebSocketsController] 	[32mSessionGateway subscribed to the "session:leave" message[39m
2026-04-11 13:42:36.277 - [32minfo[39m: [WebSocketsController] 	[32mSessionGateway subscribed to the "session:launch" message[39m
2026-04-11 13:42:36.277 - [32minfo[39m: [WebSocketsController] 	[32mSessionGateway subscribed to the "session:close" message[39m
2026-04-11 13:42:36.277 - [32minfo[39m: [RoutesResolver] 	[32mAppController {/}:[39m
2026-04-11 13:42:36.278 - [32minfo[39m: [RouterExplorer] 	[32mMapped {/, GET} route[39m
2026-04-11 13:42:36.278 - [32minfo[39m: [RoutesResolver] 	[32mSessionController {/sessions}:[39m
2026-04-11 13:42:36.278 - [32minfo[39m: [RouterExplorer] 	[32mMapped {/sessions, POST} route[39m
2026-04-11 13:42:36.278 - [32minfo[39m: [RouterExplorer] 	[32mMapped {/sessions, GET} route[39m
2026-04-11 13:42:36.279 - [32minfo[39m: [RouterExplorer] 	[32mMapped {/sessions/:id/participants, GET} route[39m
2026-04-11 13:42:36.279 - [32minfo[39m: [RouterExplorer] 	[32mMapped {/sessions/:id, GET} route[39m
2026-04-11 13:42:36.279 - [32minfo[39m: [RouterExplorer] 	[32mMapped {/sessions/:id/launch, POST} route[39m
2026-04-11 13:42:36.279 - [32minfo[39m: [RouterExplorer] 	[32mMapped {/sessions/:id/join, POST} route[39m
2026-04-11 13:42:36.279 - [32minfo[39m: [RouterExplorer] 	[32mMapped {/sessions/:id/leave, POST} route[39m
2026-04-11 13:42:36.280 - [32minfo[39m: [RouterExplorer] 	[32mMapped {/sessions/:id, DELETE} route[39m
2026-04-11 13:42:36.280 - [32minfo[39m: [RoutesResolver] 	[32mMetricsController {/}:[39m
2026-04-11 13:42:36.280 - [32minfo[39m: [RouterExplorer] 	[32mMapped {/metrics, GET} route[39m
2026-04-11 13:42:36.280 - [32minfo[39m: [RoutesResolver] 	[32mPrometheusController {/metrics}:[39m
2026-04-11 13:42:36.280 - [32minfo[39m: [RouterExplorer] 	[32mMapped {/metrics, GET} route[39m
2026-04-11 13:42:36.280 - [32minfo[39m: [RoutesResolver] 	[32mPrometheusController {/metrics}:[39m
2026-04-11 13:42:36.280 - [32minfo[39m: [RouterExplorer] 	[32mMapped {/metrics, GET} route[39m
2026-04-11 13:42:36.333 - [32minfo[39m: [NestApplication] 	[32mNest application successfully started[39m
2026-04-11 13:42:36.334 - [32minfo[39m: [undefined] 	[32mChariot Session API running on port 9002[39m
2026-04-11 13:42:45.022 - [32minfo[39m: [NestFactory] 	[32mStarting Nest application...[39m
2026-04-11 13:42:45.032 - [32minfo[39m: [InstanceLoader] 	[32mPrismaModule dependencies initialized[39m
2026-04-11 13:42:45.033 - [32minfo[39m: [InstanceLoader] 	[32mConfigHostModule dependencies initialized[39m
2026-04-11 13:42:45.033 - [32minfo[39m: [InstanceLoader] 	[32mPrometheusModule dependencies initialized[39m
2026-04-11 13:42:45.033 - [32minfo[39m: [InstanceLoader] 	[32mPrometheusModule dependencies initialized[39m
2026-04-11 13:42:45.033 - [32minfo[39m: [InstanceLoader] 	[32mConfigModule dependencies initialized[39m
2026-04-11 13:42:45.033 - [32minfo[39m: [InstanceLoader] 	[32mConfigModule dependencies initialized[39m
2026-04-11 13:42:45.034 - [32minfo[39m: [InstanceLoader] 	[32mRedisModule dependencies initialized[39m
2026-04-11 13:42:45.034 - [32minfo[39m: [InstanceLoader] 	[32mMetricsModule dependencies initialized[39m
2026-04-11 13:42:45.035 - [32minfo[39m: [InstanceLoader] 	[32mAppModule dependencies initialized[39m
2026-04-11 13:42:45.035 - [32minfo[39m: [InstanceLoader] 	[32mSessionModule dependencies initialized[39m
2026-04-11 13:42:45.051 - [32minfo[39m: [WebSocketsController] 	[32mSessionGateway subscribed to the "session:create" message[39m
2026-04-11 13:42:45.052 - [32minfo[39m: [WebSocketsController] 	[32mSessionGateway subscribed to the "session:join" message[39m
2026-04-11 13:42:45.052 - [32minfo[39m: [WebSocketsController] 	[32mSessionGateway subscribed to the "session:leave" message[39m
2026-04-11 13:42:45.052 - [32minfo[39m: [WebSocketsController] 	[32mSessionGateway subscribed to the "session:launch" message[39m
2026-04-11 13:42:45.052 - [32minfo[39m: [WebSocketsController] 	[32mSessionGateway subscribed to the "session:close" message[39m
2026-04-11 13:42:45.052 - [32minfo[39m: [RoutesResolver] 	[32mAppController {/}:[39m
2026-04-11 13:42:45.053 - [32minfo[39m: [RouterExplorer] 	[32mMapped {/, GET} route[39m
2026-04-11 13:42:45.053 - [32minfo[39m: [RoutesResolver] 	[32mSessionController {/sessions}:[39m
2026-04-11 13:42:45.053 - [32minfo[39m: [RouterExplorer] 	[32mMapped {/sessions, POST} route[39m
2026-04-11 13:42:45.054 - [32minfo[39m: [RouterExplorer] 	[32mMapped {/sessions, GET} route[39m
2026-04-11 13:42:45.054 - [32minfo[39m: [RouterExplorer] 	[32mMapped {/sessions/:id/participants, GET} route[39m
2026-04-11 13:42:45.054 - [32minfo[39m: [RouterExplorer] 	[32mMapped {/sessions/:id, GET} route[39m
2026-04-11 13:42:45.054 - [32minfo[39m: [RouterExplorer] 	[32mMapped {/sessions/:id/launch, POST} route[39m
2026-04-11 13:42:45.054 - [32minfo[39m: [RouterExplorer] 	[32mMapped {/sessions/:id/join, POST} route[39m
2026-04-11 13:42:45.055 - [32minfo[39m: [RouterExplorer] 	[32mMapped {/sessions/:id/leave, POST} route[39m
2026-04-11 13:42:45.055 - [32minfo[39m: [RouterExplorer] 	[32mMapped {/sessions/:id, DELETE} route[39m
2026-04-11 13:42:45.055 - [32minfo[39m: [RoutesResolver] 	[32mMetricsController {/}:[39m
2026-04-11 13:42:45.055 - [32minfo[39m: [RouterExplorer] 	[32mMapped {/metrics, GET} route[39m
2026-04-11 13:42:45.055 - [32minfo[39m: [RoutesResolver] 	[32mPrometheusController {/metrics}:[39m
2026-04-11 13:42:45.056 - [32minfo[39m: [RouterExplorer] 	[32mMapped {/metrics, GET} route[39m
2026-04-11 13:42:45.056 - [32minfo[39m: [RoutesResolver] 	[32mPrometheusController {/metrics}:[39m
2026-04-11 13:42:45.056 - [32minfo[39m: [RouterExplorer] 	[32mMapped {/metrics, GET} route[39m
2026-04-11 13:42:45.114 - [32minfo[39m: [NestApplication] 	[32mNest application successfully started[39m
2026-04-11 13:42:45.115 - [32minfo[39m: [undefined] 	[32mChariot Session API running on port 9002[39m
2026-04-11 13:43:04.223 - [32minfo[39m: [NestFactory] 	[32mStarting Nest application...[39m
2026-04-11 13:43:04.233 - [32minfo[39m: [InstanceLoader] 	[32mPrismaModule dependencies initialized[39m
2026-04-11 13:43:04.234 - [32minfo[39m: [InstanceLoader] 	[32mConfigHostModule dependencies initialized[39m
2026-04-11 13:43:04.234 - [32minfo[39m: [InstanceLoader] 	[32mPrometheusModule dependencies initialized[39m
2026-04-11 13:43:04.234 - [32minfo[39m: [InstanceLoader] 	[32mPrometheusModule dependencies initialized[39m
2026-04-11 13:43:04.234 - [32minfo[39m: [InstanceLoader] 	[32mConfigModule dependencies initialized[39m
2026-04-11 13:43:04.234 - [32minfo[39m: [InstanceLoader] 	[32mConfigModule dependencies initialized[39m
2026-04-11 13:43:04.234 - [32minfo[39m: [InstanceLoader] 	[32mRedisModule dependencies initialized[39m
2026-04-11 13:43:04.235 - [32minfo[39m: [InstanceLoader] 	[32mMetricsModule dependencies initialized[39m
2026-04-11 13:43:04.235 - [32minfo[39m: [InstanceLoader] 	[32mAppModule dependencies initialized[39m
2026-04-11 13:43:04.235 - [32minfo[39m: [InstanceLoader] 	[32mSessionModule dependencies initialized[39m
2026-04-11 13:43:04.251 - [32minfo[39m: [WebSocketsController] 	[32mSessionGateway subscribed to the "session:create" message[39m
2026-04-11 13:43:04.251 - [32minfo[39m: [WebSocketsController] 	[32mSessionGateway subscribed to the "session:join" message[39m
2026-04-11 13:43:04.251 - [32minfo[39m: [WebSocketsController] 	[32mSessionGateway subscribed to the "session:leave" message[39m
2026-04-11 13:43:04.251 - [32minfo[39m: [WebSocketsController] 	[32mSessionGateway subscribed to the "session:launch" message[39m
2026-04-11 13:43:04.251 - [32minfo[39m: [WebSocketsController] 	[32mSessionGateway subscribed to the "session:close" message[39m
2026-04-11 13:43:04.252 - [32minfo[39m: [RoutesResolver] 	[32mAppController {/}:[39m
2026-04-11 13:43:04.252 - [32minfo[39m: [RouterExplorer] 	[32mMapped {/, GET} route[39m
2026-04-11 13:43:04.252 - [32minfo[39m: [RoutesResolver] 	[32mSessionController {/sessions}:[39m
2026-04-11 13:43:04.253 - [32minfo[39m: [RouterExplorer] 	[32mMapped {/sessions, POST} route[39m
2026-04-11 13:43:04.253 - [32minfo[39m: [RouterExplorer] 	[32mMapped {/sessions, GET} route[39m
2026-04-11 13:43:04.253 - [32minfo[39m: [RouterExplorer] 	[32mMapped {/sessions/:id/participants, GET} route[39m
2026-04-11 13:43:04.253 - [32minfo[39m: [RouterExplorer] 	[32mMapped {/sessions/:id, GET} route[39m
2026-04-11 13:43:04.253 - [32minfo[39m: [RouterExplorer] 	[32mMapped {/sessions/:id/launch, POST} route[39m
2026-04-11 13:43:04.253 - [32minfo[39m: [RouterExplorer] 	[32mMapped {/sessions/:id/join, POST} route[39m
2026-04-11 13:43:04.254 - [32minfo[39m: [RouterExplorer] 	[32mMapped {/sessions/:id/leave, POST} route[39m
2026-04-11 13:43:04.254 - [32minfo[39m: [RouterExplorer] 	[32mMapped {/sessions/:id, DELETE} route[39m
2026-04-11 13:43:04.254 - [32minfo[39m: [RoutesResolver] 	[32mMetricsController {/}:[39m
2026-04-11 13:43:04.254 - [32minfo[39m: [RouterExplorer] 	[32mMapped {/metrics, GET} route[39m
2026-04-11 13:43:04.254 - [32minfo[39m: [RoutesResolver] 	[32mPrometheusController {/metrics}:[39m
2026-04-11 13:43:04.254 - [32minfo[39m: [RouterExplorer] 	[32mMapped {/metrics, GET} route[39m
2026-04-11 13:43:04.254 - [32minfo[39m: [RoutesResolver] 	[32mPrometheusController {/metrics}:[39m
2026-04-11 13:43:04.254 - [32minfo[39m: [RouterExplorer] 	[32mMapped {/metrics, GET} route[39m
2026-04-11 13:43:04.314 - [32minfo[39m: [NestApplication] 	[32mNest application successfully started[39m
2026-04-11 13:43:04.315 - [32minfo[39m: [undefined] 	[32mChariot Session API running on port 9002[39m
2026-04-11 20:25:53.638 - [32minfo[39m: [NestFactory] 	[32mStarting Nest application...[39m
2026-04-11 20:25:53.652 - [32minfo[39m: [InstanceLoader] 	[32mPrismaModule dependencies initialized[39m
2026-04-11 20:25:53.653 - [32minfo[39m: [InstanceLoader] 	[32mConfigHostModule dependencies initialized[39m
2026-04-11 20:25:53.654 - [32minfo[39m: [InstanceLoader] 	[32mPrometheusModule dependencies initialized[39m
2026-04-11 20:25:53.654 - [32minfo[39m: [InstanceLoader] 	[32mPrometheusModule dependencies initialized[39m
2026-04-11 20:25:53.654 - [32minfo[39m: [InstanceLoader] 	[32mConfigModule dependencies initialized[39m
2026-04-11 20:25:53.654 - [32minfo[39m: [InstanceLoader] 	[32mConfigModule dependencies initialized[39m
2026-04-11 20:25:53.654 - [32minfo[39m: [InstanceLoader] 	[32mRedisModule dependencies initialized[39m
2026-04-11 20:25:53.655 - [32minfo[39m: [InstanceLoader] 	[32mMetricsModule dependencies initialized[39m
2026-04-11 20:25:53.656 - [32minfo[39m: [InstanceLoader] 	[32mAppModule dependencies initialized[39m
2026-04-11 20:25:53.657 - [32minfo[39m: [InstanceLoader] 	[32mSessionModule dependencies initialized[39m
2026-04-11 20:25:53.689 - [32minfo[39m: [WebSocketsController] 	[32mSessionGateway subscribed to the "session:create" message[39m
2026-04-11 20:25:53.690 - [32minfo[39m: [WebSocketsController] 	[32mSessionGateway subscribed to the "session:join" message[39m
2026-04-11 20:25:53.690 - [32minfo[39m: [WebSocketsController] 	[32mSessionGateway subscribed to the "session:leave" message[39m
2026-04-11 20:25:53.690 - [32minfo[39m: [WebSocketsController] 	[32mSessionGateway subscribed to the "session:launch" message[39m
2026-04-11 20:25:53.690 - [32minfo[39m: [WebSocketsController] 	[32mSessionGateway subscribed to the "session:close" message[39m
2026-04-11 20:25:53.690 - [32minfo[39m: [RoutesResolver] 	[32mAppController {/}:[39m
2026-04-11 20:25:53.691 - [32minfo[39m: [RouterExplorer] 	[32mMapped {/, GET} route[39m
2026-04-11 20:25:53.691 - [32minfo[39m: [RoutesResolver] 	[32mSessionController {/sessions}:[39m
2026-04-11 20:25:53.691 - [32minfo[39m: [RouterExplorer] 	[32mMapped {/sessions, POST} route[39m
2026-04-11 20:25:53.692 - [32minfo[39m: [RouterExplorer] 	[32mMapped {/sessions, GET} route[39m
2026-04-11 20:25:53.692 - [32minfo[39m: [RouterExplorer] 	[32mMapped {/sessions/:id/participants, GET} route[39m
2026-04-11 20:25:53.692 - [32minfo[39m: [RouterExplorer] 	[32mMapped {/sessions/:id, GET} route[39m
2026-04-11 20:25:53.692 - [32minfo[39m: [RouterExplorer] 	[32mMapped {/sessions/:id/launch, POST} route[39m
2026-04-11 20:25:53.692 - [32minfo[39m: [RouterExplorer] 	[32mMapped {/sessions/:id/join, POST} route[39m
2026-04-11 20:25:53.693 - [32minfo[39m: [RouterExplorer] 	[32mMapped {/sessions/:id/leave, POST} route[39m
2026-04-11 20:25:53.693 - [32minfo[39m: [RouterExplorer] 	[32mMapped {/sessions/:id, DELETE} route[39m
2026-04-11 20:25:53.693 - [32minfo[39m: [RoutesResolver] 	[32mMetricsController {/}:[39m
2026-04-11 20:25:53.693 - [32minfo[39m: [RouterExplorer] 	[32mMapped {/metrics, GET} route[39m
2026-04-11 20:25:53.693 - [32minfo[39m: [RoutesResolver] 	[32mPrometheusController {/metrics}:[39m
2026-04-11 20:25:53.694 - [32minfo[39m: [RouterExplorer] 	[32mMapped {/metrics, GET} route[39m
2026-04-11 20:25:53.694 - [32minfo[39m: [RoutesResolver] 	[32mPrometheusController {/metrics}:[39m
2026-04-11 20:25:53.694 - [32minfo[39m: [RouterExplorer] 	[32mMapped {/metrics, GET} route[39m
2026-04-11 20:25:53.774 - [32minfo[39m: [NestApplication] 	[32mNest application successfully started[39m
2026-04-11 20:25:53.775 - [32minfo[39m: [undefined] 	[32mChariot Session API running on port 9002[39m
